// Jest Snapshot v1, https://goo.gl/fbAQLP

exports[`LAYOUTS/LayoutWithSidebar Default smoke-test 1`] = `
<div style="max-width: 1100px;">
  <div class="layout-with-sidebar">
    <div class="layout-with-sidebar__header">
      <header class="header">
        <img alt="logo-icon"
             src="/src/stories/assets/logo.png"
             class="header__logo"
        >
        <div class="header__info">
          <button tabindex="0"
                  class="header__link"
          >
            <img alt="phone-icon"
                 src="/src/assets/png/phone/phone.png"
                 class="header__phone"
            >
            <span class="header__number">
              030 / 20 898 12 11
            </span>
          </button>
          <div class="header__description header__description--m">
            <svg focusable="false"
                 role="img"
                 xmlns="http://www.w3.org/2000/svg"
                 viewbox="0 0 512 512"
            >
              <path fill="currentColor"
                    d="M256 8C119.033 8 8 119.033 8 256s111.033 248 248 248 248-111.033 248-248S392.967 8 256 8zm0 48c110.532 0 200 89.451 200 200 0 110.532-89.451 200-200 200-110.532 0-200-89.451-200-200 0-110.532 89.451-200 200-200m140.204 130.267l-22.536-22.718c-4.667-4.705-12.265-4.736-16.97-.068L215.346 303.697l-59.792-60.277c-4.667-4.705-12.265-4.736-16.97-.069l-22.719 22.536c-4.705 4.667-4.736 12.265-.068 16.971l90.781 91.516c4.667 4.705 12.265 4.736 16.97.068l172.589-171.204c4.704-4.668 4.734-12.266.067-16.971z"
              >
              </path>
            </svg>
            <span>
              Mo-Fr von 8:00 - 20:00
            </span>
          </div>
        </div>
      </header>
    </div>
    <div class="layout-with-sidebar__content">
      <div class="layout-with-sidebar__main">
        <div style="height: 300px; background-image: linear-gradient(45deg, rgb(211, 211, 211) 25%, transparent 25%, transparent 50%, rgb(211, 211, 211) 50%, rgb(211, 211, 211) 75%, transparent 75%, transparent 100%); background-size: 56.57px 56.57px;">
        </div>
      </div>
      <div class="layout-with-sidebar__sidebar">
        <div class="sidebar">
          <h6 class="sidebar__title">
            Ihre Übersicht
          </h6>
          <div class="sidebar__steps">
            <div class="sidebar-step">
              <p>
                1. Angaben zur Person
              </p>
              <div class="status-icon status-icon--success status-icon--s status-icon--active">
              </div>
            </div>
            <div class="sidebar-step">
              <p>
                2. Ihre Kontaktdaten
              </p>
              <div class="status-icon status-icon--success status-icon--s status-icon--idle">
              </div>
            </div>
            <div class="sidebar-step">
              <p>
                3. Vergütungsvereinbarung
              </p>
              <div class="status-icon status-icon--success status-icon--s status-icon--idle">
              </div>
            </div>
            <div class="sidebar-step">
              <p>
                4. Vollmacht
              </p>
              <div class="status-icon status-icon--success status-icon--s status-icon--idle">
              </div>
            </div>
          </div>
          <div class="sidebar-info">
            <div>
              <p class="sidebar-info__text">
                <strong>
                  Value 1:
                </strong>
                <span>
                  xxx-xxx-xxx-xxx
                </span>
              </p>
              <p class="sidebar-info__text">
                <strong>
                  Value 2:
                </strong>
                <span>
                  yyy-yyy-yyy-yyy
                </span>
              </p>
            </div>
          </div>
          <div class="sidebar__logos">
            <div class="logos">
              <div class="logos__tls">
                <img alt="tls-icon"
                     src="/src/assets/png/tls/tls.png"
                     class="logos__icon"
                >
                <span class="logos__text">
                  Höchste
                </span>
                <span class="logos__text">
                  Datensicherheit.
                </span>
              </div>
              <img alt="tuv-icon"
                   src="/src/assets/jpeg/tuv/tuv.jpeg"
                   class="logos__tuv"
              >
            </div>
          </div>
        </div>
      </div>
    </div>
    <div class="layout-with-sidebar__footer">
      <footer class="footer">
        <hr class="footer__line">
        <div class="footer__content">
          <span>
            © 2024 legal-one
          </span>
          <ul class="footer__links">
            <li class="footer__link">
              <button type="button"
                      tabindex="0"
              >
                Allgemeine Informationen
              </button>
              <div class="footer__separator">
              </div>
            </li>
            <li class="footer__link">
              <button type="button"
                      tabindex="0"
              >
                Datenschutz
              </button>
              <div class="footer__separator">
              </div>
            </li>
            <li class="footer__link">
              <button type="button"
                      tabindex="0"
              >
                Impressum
              </button>
              <div class="footer__separator">
              </div>
            </li>
          </ul>
        </div>
      </footer>
    </div>
  </div>
</div>
`;
